
a
ksoni@KSONIW7-x64 MINGW64 /c/testvarnish
$ git init
Initialized empty Git repository in C:/testvarnish/.git/

ksoni@KSONIW7-x64 MINGW64 /c/testvarnish (master)
$ git add README.md
fatal: pathspec 'README.md' did not match any files

ksoni@KSONIW7-x64 MINGW64 /c/testvarnish (master)
$ git commit -m "first commit"
On branch master

Initial commit

nothing to commit

ksoni@KSONIW7-x64 MINGW64 /c/testvarnish (master)
$ git remote add origin https://github.com/kevaldsoni/testvarnish.git

ksoni@KSONIW7-x64 MINGW64 /c/testvarnish (master)
$ git push -u origin master
error: src refspec master does not match any.
error: failed to push some refs to 'https://github.com/kevaldsoni/testvarnish.git'

ksoni@KSONIW7-x64 MINGW64 /c/testvarnish (master)
$ git status
On branch master

Initial commit

nothing to commit (create/copy files and use "git add" to track)

ksoni@KSONIW7-x64 MINGW64 /c/testvarnish (master)
$ git status
On branch master

Initial commit

Untracked files:
  (use "git add <file>..." to include in what will be committed)

        imp.txt

nothing added to commit but untracked files present (use "git add" to track)

ksoni@KSONIW7-x64 MINGW64 /c/testvarnish (master)
$ git commit -m "first commit"
On branch master

Initial commit

Untracked files:
        imp.txt

nothing added to commit but untracked files present

ksoni@KSONIW7-x64 MINGW64 /c/testvarnish (master)
$ git add imp.txt p.txt
fatal: pathspec 'p.txt' did not match any files

ksoni@KSONIW7-x64 MINGW64 /c/testvarnish (master)
$ git add imp.txt

ksoni@KSONIW7-x64 MINGW64 /c/testvarnish (master)
$ git commit -m "second commit"
[master (root-commit) ac69457] second commit
 Committer: Soni <ksoni@carsdirect.win>
Your name and email address were configured automatically based
on your username and hostname. Please check that they are accurate.
You can suppress this message by setting them explicitly. Run the
following command and follow the instructions in your editor to edit
your configuration file:

    git config --global --edit

After doing this, you may fix the identity used for this commit with:

    git commit --amend --reset-author

 1 file changed, 57 insertions(+)
 create mode 100644 imp.txt

ksoni@KSONIW7-x64 MINGW64 /c/testvarnish (master)
$ git push -u origin master

ksoni@KSONIW7-x64 MINGW64 /c/testvarnish (master)
$ git push
fatal: The current branch master has no upstream branch.
To push the current branch and set the remote as upstream, use

    git push --set-upstream origin master


ksoni@KSONIW7-x64 MINGW64 /c/testvarnish (master)
$ git remmote add origin https://github.com/kevaldsoni/testvarnish.git
git: 'remmote' is not a git command. See 'git --help'.

The most similar command is
        remote

ksoni@KSONIW7-x64 MINGW64 /c/testvarnish (master)
$ git remote add origin https://github.com/kevaldsoni/testvarnish.git
fatal: remote origin already exists.

ksoni@KSONIW7-x64 MINGW64 /c/testvarnish (master)
$ git status
On branch master
nothing to commit, working tree clean

ksoni@KSONIW7-x64 MINGW64 /c/testvarnish (master)
$ ^C

ksoni@KSONIW7-x64 MINGW64 /c/testvarnish (master)
$ git push -u origin master
Counting objects: 3, done.
Delta compression using up to 4 threads.
Compressing objects: 100% (2/2), done.
Writing objects: 100% (3/3), 1.19 KiB | 0 bytes/s, done.
Total 3 (delta 0), reused 0 (delta 0)
To https://github.com/kevaldsoni/testvarnish.git
 * [new branch]      master -> master
Branch master set up to track remote branch master from origin.

ksoni@KSONIW7-x64 MINGW64 /c/testvarnish (master)
$

======

1. git init
2. git commit -m "first commit"
3. git remote add origin https://github.com/kevaldsoni/testvarnish.git
4. git add files and commit them
5. git push -u origin master